// Jest Snapshot v1, https://goo.gl/fbAQLP

exports[`TextArea should render properly 1`] = `
<IntlProvider
  defaultFormats={Object {}}
  defaultLocale="en"
  formats={Object {}}
  locale="en"
  messages={
    Object {
      "menu": Object {
        "switchTheme": "Switch Theme",
        "toEnglish": "Switch to English language",
        "toSpanish": "Switch to Spanish language",
      },
      "metaData": Object {
        "description": "Francisco Javier Palacios Pérez's personal website, Software Developer based in Valencia (Spain)",
        "image": "https://fjp.es/logo.jpg",
        "twitterUsername": "@fjpalacios",
        "url": "https://fjp.es",
      },
      "resume": Object {
        "education": "Education",
        "experience": "Experience",
        "freelance": "Freelance work",
        "me": "About me",
        "projects": "Side projects",
        "talks": "Talks / workshops",
        "volunteering": "Volunteering",
      },
      "subtitle": "Software Developer",
      "title": "Francisco Javier Palacios Pérez",
    }
  }
  onError={[Function]}
  textComponent={Symbol(react.fragment)}
>
  <TextArea
    text="Foo"
  >
    <div
      className="text-area"
    >
      <div
        className="text-area__content"
        dangerouslySetInnerHTML={
          Object {
            "__html": "Foo",
          }
        }
      />
    </div>
  </TextArea>
</IntlProvider>
`;
